<testsuite errors="0" failures="0" name="Django Project Tests" skips="0" tests="1" time="0.344"><testcase classname="scrumko.tests.SimpleTest" name="test_basic_addition" time="0.000050" /></testsuite>